// Jest Snapshot v1, https://goo.gl/fbAQLP

exports[`Todo Functionality matches snapshot 1`] = `
<div
  className="app"
>
  <div
    className="app__head"
  >
    <h1
      className="app__title"
    >
      Todo List
    </h1>
    <img
      alt="JS"
      className="app__head-img"
      src=""
      title="JavaScript"
    />
    <img
      alt="immutable.js"
      className="app__head-img app__head-img--immutable"
      src=""
      title="Immutable.js"
    />
  </div>
  <form
    className="create-todo"
  >
    <input
      className="input"
      data-testid="todo-input"
      id="new-todo-input"
      onChange={[Function]}
      placeholder="Write new task here..."
      type="text"
      value=""
    />
    <button
      className="button"
      data-testid="todo-create-btn"
      disabled={true}
      onClick={[Function]}
      type="submit"
    >
      Add
    </button>
  </form>
  <div />
</div>
`;
